<html>
<body>
<pre>
<h1>µVision Build Log</h1>
<h2>Tool Versions:</h2>
IDE-Version: ¶ÃVision V5.43.1.0
Copyright (C) 2025 ARM Ltd and ARM Germany GmbH. All rights reserved.
License Information: 1 3322356428@qq.com, 1, LIC=CZLZX-H9FW7-FWK2N-YLIT4-5PI11-SGZPZ
 
Tool Versions:
Toolchain:       MDK-ARM Plus  Version: 5.43.0.0
Toolchain Path:  D:\Keil\Keil_v5\ARM\ARMCLANG\Bin
C Compiler:      ArmClang.exe V6.24
Assembler:       Armasm.exe V6.24
Linker/Locator:  ArmLink.exe V6.24
Library Manager: ArmAr.exe V6.24
Hex Converter:   FromElf.exe V6.24
CPU DLL:         SARMCM3.DLL V5.43.0.0
Dialog DLL:      DCM.DLL V1.17.5.0
Target DLL:      CMSIS_AGDI.dll V1.33.24.0
Dialog DLL:      TCM.DLL V1.56.6.0
 
<h2>Project:</h2>
D:\Robomaster\RM_Project\car\¬÷Õ»_≥¨øπ\DT7øÿ÷∆&UP_PID”≈ªØ\¬÷Õ»UP_≥¨øπ\MDK-ARM\Kawashiro_Frame_G474.uvprojx
Project File Date:  05/29/2026

<h2>Output:</h2>
*** Using Compiler 'V6.24', folder: 'D:\Keil\Keil_v5\ARM\ARMCLANG\Bin'
Build target 'Kawashiro_Frame_G474'
../Core/Src/app_freertos.c(183): warning: taking address of packed member 'Pitch' of class or structure 'Motor_StructTypedef' may result in an unaligned pointer value [-Waddress-of-packed-member]
  183 |         Get_TotalAngle_Speed(&Motor.Pitch, 0.3f);
      |                               ^~~~~~~~~~~
../Core/Src/app_freertos.c(184): warning: taking address of packed member 'Yaw' of class or structure 'Motor_StructTypedef' may result in an unaligned pointer value [-Waddress-of-packed-member]
  184 |         Get_TotalAngle_Speed(&Motor.Yaw, 0.5f);
      |                               ^~~~~~~~~
2 warnings generated.
compiling app_freertos.c...
compiling ErrorHandle.c...
compiling Power_Limit.c...
compiling Gimbal.c...
compiling RoboControl.c...
compiling Chassis.c...
compiling SuperCap_Driver.c...
compiling Motor_DAMIAO_Driver.c...
compiling INS.c...
compiling Aim.c...
compiling Remote_Control.c...
compiling USB_Driver.c...
../Project/Robot_Application/Communicate.c(7): warning: In file included from...
../Project/Robot_Application\Communicate.h(12): warning: 'packed' attribute ignored [-Wignored-attributes]
   12 | typedef __packed struct
      |         ^
../Drivers/STM32G4xx_HAL_Driver/Inc\stm32g4xx_hal_def.h(116): note: expanded from macro '__packed'
  116 | #define __packed  __attribute__((packed))
      |                                  ^
../Project/Robot_Application/Communicate.c(7): warning: In file included from...
../Project/Robot_Application\Communicate.h(38): warning: 'packed' attribute ignored [-Wignored-attributes]
   38 | typedef __packed struct
      |         ^
../Drivers/STM32G4xx_HAL_Driver/Inc\stm32g4xx_hal_def.h(116): note: expanded from macro '__packed'
  116 | #define __packed  __attribute__((packed))
      |                                  ^
../Project/Robot_Application/Communicate.c(7): warning: In file included from...
../Project/Robot_Application\Communicate.h(67): warning: 'packed' attribute ignored [-Wignored-attributes]
   67 | typedef __packed struct
      |         ^
../Drivers/STM32G4xx_HAL_Driver/Inc\stm32g4xx_hal_def.h(116): note: expanded from macro '__packed'
  116 | #define __packed  __attribute__((packed))
      |                                  ^
../Project/Robot_Application/Communicate.c(7): warning: In file included from...
../Project/Robot_Application\Communicate.h(106): warning: 'packed' attribute ignored [-Wignored-attributes]
  106 | typedef __packed struct
      |         ^
../Drivers/STM32G4xx_HAL_Driver/Inc\stm32g4xx_hal_def.h(116): note: expanded from macro '__packed'
  116 | #define __packed  __attribute__((packed))
      |                                  ^
../Project/Robot_Application/Communicate.c(7): warning: In file included from...
../Project/Robot_Application\Communicate.h(125): warning: 'packed' attribute ignored [-Wignored-attributes]
  125 | typedef __packed struct
      |         ^
../Drivers/STM32G4xx_HAL_Driver/Inc\stm32g4xx_hal_def.h(116): note: expanded from macro '__packed'
  116 | #define __packed  __attribute__((packed))
      |                                  ^
5 warnings generated.
compiling Communicate.c...
compiling Shoot.c...
../Project/Commnuicate_Drivers/CAN_Driver.c(17): warning: In file included from...
../Project/Robot_Application\Communicate.h(12): warning: 'packed' attribute ignored [-Wignored-attributes]
   12 | typedef __packed struct
      |         ^
../Drivers/STM32G4xx_HAL_Driver/Inc\stm32g4xx_hal_def.h(116): note: expanded from macro '__packed'
  116 | #define __packed  __attribute__((packed))
      |                                  ^
../Project/Commnuicate_Drivers/CAN_Driver.c(17): warning: In file included from...
../Project/Robot_Application\Communicate.h(38): warning: 'packed' attribute ignored [-Wignored-attributes]
   38 | typedef __packed struct
      |         ^
../Drivers/STM32G4xx_HAL_Driver/Inc\stm32g4xx_hal_def.h(116): note: expanded from macro '__packed'
  116 | #define __packed  __attribute__((packed))
      |                                  ^
../Project/Commnuicate_Drivers/CAN_Driver.c(17): warning: In file included from...
../Project/Robot_Application\Communicate.h(67): warning: 'packed' attribute ignored [-Wignored-attributes]
   67 | typedef __packed struct
      |         ^
../Drivers/STM32G4xx_HAL_Driver/Inc\stm32g4xx_hal_def.h(116): note: expanded from macro '__packed'
  116 | #define __packed  __attribute__((packed))
      |                                  ^
../Project/Commnuicate_Drivers/CAN_Driver.c(17): warning: In file included from...
../Project/Robot_Application\Communicate.h(106): warning: 'packed' attribute ignored [-Wignored-attributes]
  106 | typedef __packed struct
      |         ^
../Drivers/STM32G4xx_HAL_Driver/Inc\stm32g4xx_hal_def.h(116): note: expanded from macro '__packed'
  116 | #define __packed  __attribute__((packed))
      |                                  ^
../Project/Commnuicate_Drivers/CAN_Driver.c(17): warning: In file included from...
../Project/Robot_Application\Communicate.h(125): warning: 'packed' attribute ignored [-Wignored-attributes]
  125 | typedef __packed struct
      |         ^
../Drivers/STM32G4xx_HAL_Driver/Inc\stm32g4xx_hal_def.h(116): note: expanded from macro '__packed'
  116 | #define __packed  __attribute__((packed))
      |                                  ^
../Project/Commnuicate_Drivers/CAN_Driver.c(39): warning: taking address of packed member 'Pitch' of class or structure 'Motor_StructTypedef' may result in an unaligned pointer value [-Waddress-of-packed-member]
   39 |         if      (hfdcan == &Gimbal_Pitch_CAN    && CAN_RX_ID == Gimbal_Pitch_Feedback_CAN_ID)       Motor_DJI_Storage_Data(CAN_RX_Data1, &Motor.Pitch);
      |                                                                                                                                           ^~~~~~~~~~~
../Project/Commnuicate_Drivers/CAN_Driver.c(40): warning: taking address of packed member 'Yaw' of class or structure 'Motor_StructTypedef' may result in an unaligned pointer value [-Waddress-of-packed-member]
   40 |         else if (hfdcan == &Gimbal_Yaw_CAN      && CAN_RX_ID == Gimbal_Yaw_Feedback_CAN_ID)         Motor_DJI_Storage_Data(CAN_RX_Data1, &Motor.Yaw);
      |                                                                                                                                           ^~~~~~~~~
../Project/Commnuicate_Drivers/CAN_Driver.c(43): warning: taking address of packed member 'Trigger' of class or structure 'Motor_StructTypedef' may result in an unaligned pointer value [-Waddress-of-packed-member]
   43 |         else if (hfdcan == &Shoot_Trigger_CAN     && CAN_RX_ID == Shoot_Trigger_Feedback_CAN_ID)      Motor_DJI_Storage_Data(CAN_RX_Data1, &Motor.Trigger);
      |                                                                                                                                             ^~~~~~~~~~~~~
../Project/Commnuicate_Drivers/CAN_Driver.c(44): warning: taking address of packed member 'Fric1' of class or structure 'Motor_StructTypedef' may result in an unaligned pointer value [-Waddress-of-packed-member]
   44 |         else if (hfdcan == &Shoot_Fric_First_CAN  && CAN_RX_ID == Shoot_Fric_First_Left_Feedback_CAN_ID)    Motor_DJI_Storage_Data(CAN_RX_Data1, &Motor.Fric1);
      |                                                                                                                                                   ^~~~~~~~~~~
../Project/Commnuicate_Drivers/CAN_Driver.c(45): warning: taking address of packed member 'Fric2' of class or structure 'Motor_StructTypedef' may result in an unaligned pointer value [-Waddress-of-packed-member]
   45 |         else if (hfdcan == &Shoot_Fric_First_CAN  && CAN_RX_ID == Shoot_Fric_First_Right_Feedback_CAN_ID)   Motor_DJI_Storage_Data(CAN_RX_Data1, &Motor.Fric2);
      |                                                                                                                                                   ^~~~~~~~~~~
10 warnings generated.
compiling CAN_Driver.c...
compiling UI_Task.c...
linking...
Program Size: Code=115500 RO-data=3992 RW-data=1152 ZI-data=81136  
FromELF: creating hex file...
".\Kawashiro_Frame_G474\Kawashiro_Frame_G474.axf" - 0 Error(s), 17 Warning(s).

<h2>Software Packages used:</h2>

Package Vendor: ARM
                https://www.keil.com/pack/ARM.CMSIS.6.3.0.pack
                ARM::CMSIS@6.3.0
                CMSIS (Common Microcontroller Software Interface Standard)
   * Component: CORE Version: 6.2.0

Package Vendor: ARM
                https://www.keil.com/pack/ARM.CMSIS-DSP.1.17.0.pack
                ARM::CMSIS-DSP@1.17.0
                CMSIS Embedded Compute Library
   * Component: DSP Variant: Source Version: 1.17.0

Package Vendor: Keil
                https://www.keil.com/pack/Keil.STM32G4xx_DFP.2.2.0.pack
                Keil::STM32G4xx_DFP@2.2.0
                STMicroelectronics STM32G4 Series Device Support

<h2>Collection of Component include folders:</h2>
  ./RTE/_Kawashiro_Frame_G474
  D:/Keil/Arm/Packs/ARM/CMSIS-DSP/1.17.0/Include
  D:/Keil/Arm/Packs/ARM/CMSIS-DSP/1.17.0/PrivateInclude
  D:/Keil/Arm/Packs/ARM/CMSIS/6.3.0/CMSIS/Core/Include

<h2>Collection of Component Files used:</h2>

   * Component: ARM::CMSIS:CORE@6.2.0
      Include file:  CMSIS/Core/Include/tz_context.h

   * Component: ARM::CMSIS:DSP&Source@1.17.0
      Include file:  Include/arm_math.h
      Source file:   Source/SVMFunctions/SVMFunctions.c
      Source file:   Source/InterpolationFunctions/InterpolationFunctions.c
      Source file:   Source/ComplexMathFunctions/ComplexMathFunctions.c
      Source file:   Source/ControllerFunctions/ControllerFunctions.c
      Source file:   Source/BayesFunctions/BayesFunctions.c
      Source file:   Source/CommonTables/CommonTables.c
      Source file:   Source/DistanceFunctions/DistanceFunctions.c
      Source file:   Source/BasicMathFunctions/BasicMathFunctions.c
      Source file:   Source/CommonTables/CommonTablesF16.c
      Source file:   Source/FilteringFunctions/FilteringFunctions.c
      Source file:   Source/MatrixFunctions/MatrixFunctions.c
      Source file:   Source/TransformFunctions/TransformFunctionsF16.c
      Source file:   Source/MatrixFunctions/MatrixFunctionsF16.c
      Source file:   Source/InterpolationFunctions/InterpolationFunctionsF16.c
      Source file:   Source/SupportFunctions/SupportFunctions.c
      Include file:  Include/arm_const_structs_f16.h
      Source file:   Source/StatisticsFunctions/StatisticsFunctionsF16.c
      Source file:   Source/BasicMathFunctions/BasicMathFunctionsF16.c
      Source file:   Source/SupportFunctions/SupportFunctionsF16.c
      Include file:  Include/arm_const_structs.h
      Source file:   Source/StatisticsFunctions/StatisticsFunctions.c
      Source file:   Source/QuaternionMathFunctions/QuaternionMathFunctions.c
      Include file:  Include/arm_common_tables_f16.h
      Source file:   Source/TransformFunctions/TransformFunctions.c
      Source file:   Source/WindowFunctions/WindowFunctions.c
      Source file:   Source/ComplexMathFunctions/ComplexMathFunctionsF16.c
      Source file:   Source/FilteringFunctions/FilteringFunctionsF16.c
      Include file:  Include/arm_math_f16.h
      Source file:   Source/FastMathFunctions/FastMathFunctions.c
      Include file:  Include/arm_common_tables.h
      Source file:   Source/FastMathFunctions/FastMathFunctionsF16.c
      Source file:   Source/BayesFunctions/BayesFunctionsF16.c
      Source file:   Source/SVMFunctions/SVMFunctionsF16.c
      Source file:   Source/DistanceFunctions/DistanceFunctionsF16.c
Build Time Elapsed:  00:00:09
</pre>
</body>
</html>
